============================= test session starts =============================
platform win32 -- Python 3.12.0, pytest-9.0.2, pluggy-1.6.0
django: version: 6.0.1, settings: backend.settings (from ini)
rootdir: C:\Users\Manuhe\OneDrive\Documents\biometric-attendance-system-feature-initial-import\biometric-attendance-system-feature-initial-import\backend
configfile: pytest.ini
plugins: cov-7.0.0, django-4.11.1
collected 1 item

api\tests\test_stats.py F                                                [100%]

================================== FAILURES ===================================
______________________ HostStatsTests.test_stats_counts _______________________
api\tests\test_stats.py:56: in test_stats_counts
    url = reverse('event-list') + 'stats/' # Assuming router structure, likely /api/events/stats/
          ^^^^^^^^^^^^^^^^^^^^^
.venv\Lib\site-packages\django\urls\base.py:98: in reverse
    resolved_url = resolver._reverse_with_prefix(view, prefix, *args, **kwargs)
                   ^^^^^^^^^^^^^^^^^^^^^^^^^^^^^^^^^^^^^^^^^^^^^^^^^^^^^^^^^^^^
.venv\Lib\site-packages\django\urls\resolvers.py:842: in _reverse_with_prefix
    raise NoReverseMatch(msg)
E   django.urls.exceptions.NoReverseMatch: Reverse for 'event-list' not found. 'event-list' is not a valid view function or pattern name.
=========================== short test summary info ===========================
FAILED api/tests/test_stats.py::HostStatsTests::test_stats_counts - django.ur...
======================== 1 failed, 1 warning in 10.58s ========================
